
> anti-reverse-device-monitor@0.1.0 source:sync
> node --max-old-space-size=4096 ./node_modules/tsx/dist/cli.mjs scripts/sync-source-data.ts

[source:sync] starting — connecting to Mongo may take 30–60s…
[source:sync] window 2026-07-30T16:15:14.920Z → 2026-08-06T16:15:14.920Z (lookback/checkpoint)
[source:sync] fetching Mongo page 1…
[source:sync] page 1: got 969 rows in 18160ms
[source:sync] written 100 rows (page 1)
[source:sync] written 200 rows (page 1)
[source:sync] written 300 rows (page 1)
[source:sync] written 400 rows (page 1)
[source:sync] written 500 rows (page 1)
[source:sync] written 600 rows (page 1)
[source:sync] written 700 rows (page 1)
[source:sync] written 800 rows (page 1)
[source:sync] written 900 rows (page 1)
[source:sync] written 969 rows (page 1)
[source:sync] fetching Mongo page 2…
[source:sync] page 2: got 968 rows in 18373ms
prisma:error 
Invalid `tx.telemetry.create()` invocation in
E:\project\anti_reverse_device_monitor_delivery_v1\src\repositories\telemetry-repository.ts:125:32

  122   continue
  123 } else {
  124   try {
→ 125     await tx.telemetry.create(
Unique constraint failed on the fields: (`deviceId`,`inverterId`,`metricKey`,`reportedAt`)
[source:sync] written 1069 rows (page 2)
[source:sync] written 1169 rows (page 2)
[source:sync] written 1269 rows (page 2)
[source:sync] written 1369 rows (page 2)
[source:sync] written 1469 rows (page 2)
[source:sync] written 1569 rows (page 2)
[source:sync] written 1669 rows (page 2)
[source:sync] written 1769 rows (page 2)
[source:sync] written 1837 rows (page 2)
[source:sync] fetching Mongo page 3…
[source:sync] page 3: got 980 rows in 19651ms
[source:sync] written 1934 rows (page 3)
[source:sync] written 2034 rows (page 3)
[source:sync] written 2134 rows (page 3)
[source:sync] written 2234 rows (page 3)
[source:sync] written 2334 rows (page 3)
[source:sync] written 2434 rows (page 3)
[source:sync] written 2534 rows (page 3)
[source:sync] written 2634 rows (page 3)
[source:sync] written 2734 rows (page 3)
[source:sync] written 2814 rows (page 3)
[source:sync] fetching Mongo page 4…
[source:sync] page 4: got 973 rows in 18229ms
[source:sync] written 2910 rows (page 4)
[source:sync] written 3010 rows (page 4)
[source:sync] written 3110 rows (page 4)
[source:sync] written 3210 rows (page 4)
[source:sync] written 3310 rows (page 4)
[source:sync] written 3410 rows (page 4)
[source:sync] written 3510 rows (page 4)
[source:sync] written 3610 rows (page 4)
[source:sync] written 3710 rows (page 4)
[source:sync] written 3783 rows (page 4)
[source:sync] fetching Mongo page 5…
[source:sync] page 5: got 972 rows in 17656ms
[source:sync] written 3852 rows (page 5)
[source:sync] written 3952 rows (page 5)
[source:sync] written 4052 rows (page 5)
[source:sync] written 4152 rows (page 5)
[source:sync] written 4252 rows (page 5)
[source:sync] written 4352 rows (page 5)
[source:sync] written 4452 rows (page 5)
[source:sync] written 4552 rows (page 5)
[source:sync] written 4652 rows (page 5)
[source:sync] written 4724 rows (page 5)
[source:sync] fetching Mongo page 6…
[source:sync] page 6: got 979 rows in 18676ms
[source:sync] written 4824 rows (page 6)
[source:sync] written 4924 rows (page 6)
[source:sync] written 5024 rows (page 6)
[source:sync] written 5124 rows (page 6)
[source:sync] written 5224 rows (page 6)
[source:sync] written 5324 rows (page 6)
[source:sync] written 5424 rows (page 6)
[source:sync] written 5524 rows (page 6)
[source:sync] written 5624 rows (page 6)
[source:sync] written 5703 rows (page 6)
[source:sync] fetching Mongo page 7…
[source:sync] page 7: got 973 rows in 17648ms
[source:sync] written 5793 rows (page 7)
[source:sync] written 5893 rows (page 7)
[source:sync] written 5993 rows (page 7)
[source:sync] written 6093 rows (page 7)
[source:sync] written 6193 rows (page 7)
[source:sync] written 6293 rows (page 7)
[source:sync] written 6393 rows (page 7)
[source:sync] written 6493 rows (page 7)
[source:sync] written 6593 rows (page 7)
[source:sync] written 6666 rows (page 7)
[source:sync] fetching Mongo page 8…
[source:sync] page 8: got 966 rows in 17528ms
[source:sync] written 6762 rows (page 8)
[source:sync] written 6862 rows (page 8)
[source:sync] written 6962 rows (page 8)
[source:sync] written 7062 rows (page 8)
[source:sync] written 7162 rows (page 8)
[source:sync] written 7262 rows (page 8)
[source:sync] written 7362 rows (page 8)
[source:sync] written 7462 rows (page 8)
[source:sync] written 7562 rows (page 8)
[source:sync] written 7628 rows (page 8)
[source:sync] fetching Mongo page 9…
[source:sync] page 9: got 978 rows in 20162ms
[source:sync] written 7718 rows (page 9)
[source:sync] written 7818 rows (page 9)
[source:sync] written 7918 rows (page 9)
[source:sync] written 8018 rows (page 9)
[source:sync] written 8118 rows (page 9)
[source:sync] written 8218 rows (page 9)
[source:sync] written 8318 rows (page 9)
[source:sync] written 8418 rows (page 9)
[source:sync] written 8518 rows (page 9)
[source:sync] written 8596 rows (page 9)
[source:sync] fetching Mongo page 10…
[source:sync] page 10: got 976 rows in 17901ms
[source:sync] written 8695 rows (page 10)
[source:sync] written 8795 rows (page 10)
[source:sync] written 8895 rows (page 10)
[source:sync] written 8995 rows (page 10)
[source:sync] written 9095 rows (page 10)
[source:sync] written 9195 rows (page 10)
[source:sync] written 9295 rows (page 10)
[source:sync] written 9395 rows (page 10)
[source:sync] written 9495 rows (page 10)
[source:sync] written 9571 rows (page 10)
[source:sync] fetching Mongo page 11…
[source:sync] page 11: got 972 rows in 17611ms
[source:sync] written 9670 rows (page 11)
[source:sync] written 9770 rows (page 11)
[source:sync] written 9870 rows (page 11)
[source:sync] written 9970 rows (page 11)
[source:sync] written 10070 rows (page 11)
[source:sync] written 10170 rows (page 11)
[source:sync] written 10270 rows (page 11)
[source:sync] written 10370 rows (page 11)
[source:sync] written 10470 rows (page 11)
[source:sync] written 10542 rows (page 11)
[source:sync] fetching Mongo page 12…
[source:sync] page 12: got 976 rows in 18194ms
[source:sync] written 10635 rows (page 12)
[source:sync] written 10735 rows (page 12)
[source:sync] written 10835 rows (page 12)
[source:sync] written 10935 rows (page 12)
[source:sync] written 11035 rows (page 12)
[source:sync] written 11135 rows (page 12)
[source:sync] written 11235 rows (page 12)
[source:sync] written 11335 rows (page 12)
[source:sync] written 11435 rows (page 12)
[source:sync] written 11511 rows (page 12)
[source:sync] fetching Mongo page 13…
[source:sync] page 13: got 976 rows in 17655ms
[source:sync] written 11604 rows (page 13)
[source:sync] written 11704 rows (page 13)
[source:sync] written 11804 rows (page 13)
[source:sync] written 11904 rows (page 13)
[source:sync] written 12004 rows (page 13)
[source:sync] written 12104 rows (page 13)
[source:sync] written 12204 rows (page 13)
[source:sync] written 12304 rows (page 13)
[source:sync] written 12404 rows (page 13)
[source:sync] written 12480 rows (page 13)
[source:sync] fetching Mongo page 14…
[source:sync] page 14: got 972 rows in 17953ms
[source:sync] written 12579 rows (page 14)
[source:sync] written 12679 rows (page 14)
[source:sync] written 12779 rows (page 14)
[source:sync] written 12879 rows (page 14)
[source:sync] written 12979 rows (page 14)
[source:sync] written 13079 rows (page 14)
[source:sync] written 13179 rows (page 14)
[source:sync] written 13279 rows (page 14)
[source:sync] written 13379 rows (page 14)
[source:sync] written 13451 rows (page 14)
[source:sync] fetching Mongo page 15…
[source:sync] page 15: got 969 rows in 18320ms
[source:sync] written 13545 rows (page 15)
[source:sync] written 13645 rows (page 15)
[source:sync] written 13745 rows (page 15)
[source:sync] written 13845 rows (page 15)
[source:sync] written 13945 rows (page 15)
[source:sync] written 14045 rows (page 15)
[source:sync] written 14145 rows (page 15)
[source:sync] written 14245 rows (page 15)
[source:sync] written 14345 rows (page 15)
[source:sync] written 14414 rows (page 15)
[source:sync] fetching Mongo page 16…
[source:sync] page 16: got 978 rows in 17881ms
[source:sync] written 14512 rows (page 16)
[source:sync] written 14612 rows (page 16)
[source:sync] written 14712 rows (page 16)
[source:sync] written 14812 rows (page 16)
[source:sync] written 14912 rows (page 16)
[source:sync] written 15012 rows (page 16)
[source:sync] written 15112 rows (page 16)
[source:sync] written 15212 rows (page 16)
[source:sync] written 15312 rows (page 16)
[source:sync] written 15390 rows (page 16)
[source:sync] fetching Mongo page 17…
[source:sync] page 17: got 973 rows in 17866ms
[source:sync] written 15490 rows (page 17)
[source:sync] written 15590 rows (page 17)
[source:sync] written 15690 rows (page 17)
[source:sync] written 15790 rows (page 17)
[source:sync] written 15890 rows (page 17)
[source:sync] written 15990 rows (page 17)
[source:sync] written 16090 rows (page 17)
[source:sync] written 16190 rows (page 17)
[source:sync] written 16290 rows (page 17)
[source:sync] written 16363 rows (page 17)
[source:sync] fetching Mongo page 18…
[source:sync] page 18: got 956 rows in 18551ms
[source:sync] written 16458 rows (page 18)
[source:sync] written 16558 rows (page 18)
[source:sync] written 16658 rows (page 18)
[source:sync] written 16758 rows (page 18)
[source:sync] written 16858 rows (page 18)
prisma:error 
Invalid `tx.telemetry.create()` invocation in
E:\project\anti_reverse_device_monitor_delivery_v1\src\repositories\telemetry-repository.ts:125:32

  122   continue
  123 } else {
  124   try {
→ 125     await tx.telemetry.create(
Unique constraint failed on the fields: (`deviceId`,`inverterId`,`metricKey`,`reportedAt`)
[source:sync] written 16958 rows (page 18)
[source:sync] written 17058 rows (page 18)
[source:sync] written 17158 rows (page 18)
[source:sync] written 17214 rows (page 18)
[source:sync] fetching Mongo page 19…
[source:sync] page 19: got 957 rows in 17839ms
[source:sync] written 17307 rows (page 19)
[source:sync] written 17407 rows (page 19)
[source:sync] written 17507 rows (page 19)
[source:sync] written 17607 rows (page 19)
[source:sync] written 17707 rows (page 19)
[source:sync] written 17807 rows (page 19)
[source:sync] written 17907 rows (page 19)
[source:sync] written 18007 rows (page 19)
[source:sync] written 18107 rows (page 19)
[source:sync] written 18164 rows (page 19)
[source:sync] fetching Mongo page 20…
[source:sync] page 20: got 959 rows in 17679ms
[source:sync] written 18263 rows (page 20)
[source:sync] written 18363 rows (page 20)
[source:sync] written 18463 rows (page 20)
[source:sync] written 18563 rows (page 20)
[source:sync] written 18663 rows (page 20)
[source:sync] written 18763 rows (page 20)
[source:sync] written 18863 rows (page 20)
[source:sync] written 18963 rows (page 20)
[source:sync] written 19063 rows (page 20)
[source:sync] written 19122 rows (page 20)
[source:sync] fetching Mongo page 21…
[source:sync] page 21: got 966 rows in 18393ms
[source:sync] written 19220 rows (page 21)
prisma:error 
Invalid `tx.telemetry.create()` invocation in
E:\project\anti_reverse_device_monitor_delivery_v1\src\repositories\telemetry-repository.ts:125:32

  122   continue
  123 } else {
  124   try {
→ 125     await tx.telemetry.create(
Unique constraint failed on the fields: (`deviceId`,`inverterId`,`metricKey`,`reportedAt`)
prisma:error 
Invalid `tx.telemetry.create()` invocation in
E:\project\anti_reverse_device_monitor_delivery_v1\src\repositories\telemetry-repository.ts:125:32

  122   continue
  123 } else {
  124   try {
→ 125     await tx.telemetry.create(
Unique constraint failed on the fields: (`deviceId`,`inverterId`,`metricKey`,`reportedAt`)
[source:sync] written 19320 rows (page 21)
[source:sync] written 19420 rows (page 21)
[source:sync] written 19520 rows (page 21)
[source:sync] written 19620 rows (page 21)
[source:sync] written 19720 rows (page 21)
[source:sync] written 19820 rows (page 21)
[source:sync] written 19886 rows (page 21)
[source:sync] fetching Mongo page 22…
[source:sync] page 22: got 978 rows in 17683ms
[source:sync] written 19966 rows (page 22)
[source:sync] written 20066 rows (page 22)
[source:sync] written 20166 rows (page 22)
[source:sync] written 20266 rows (page 22)
[source:sync] written 20366 rows (page 22)
[source:sync] written 20466 rows (page 22)
[source:sync] written 20566 rows (page 22)
[source:sync] written 20666 rows (page 22)
[source:sync] written 20766 rows (page 22)
[source:sync] written 20844 rows (page 22)
[source:sync] fetching Mongo page 23…
[source:sync] page 23: got 971 rows in 17590ms
[source:sync] written 20942 rows (page 23)
[source:sync] written 21042 rows (page 23)
[source:sync] written 21142 rows (page 23)
[source:sync] written 21242 rows (page 23)
prisma:error 
Invalid `tx.telemetry.create()` invocation in
E:\project\anti_reverse_device_monitor_delivery_v1\src\repositories\telemetry-repository.ts:125:32

  122   continue
  123 } else {
  124   try {
→ 125     await tx.telemetry.create(
Unique constraint failed on the fields: (`deviceId`,`inverterId`,`metricKey`,`reportedAt`)
[source:sync] written 21342 rows (page 23)
[source:sync] written 21442 rows (page 23)
[source:sync] written 21542 rows (page 23)
[source:sync] written 21642 rows (page 23)
[source:sync] written 21713 rows (page 23)
[source:sync] fetching Mongo page 24…
[source:sync] page 24: got 967 rows in 18022ms
[source:sync] written 21799 rows (page 24)
[source:sync] written 21899 rows (page 24)
[source:sync] written 21999 rows (page 24)
[source:sync] written 22099 rows (page 24)
[source:sync] written 22199 rows (page 24)
[source:sync] written 22299 rows (page 24)
[source:sync] written 22399 rows (page 24)
[source:sync] written 22499 rows (page 24)
[source:sync] written 22599 rows (page 24)
[source:sync] written 22666 rows (page 24)
[source:sync] fetching Mongo page 25…
[source:sync] page 25: got 981 rows in 17637ms
[source:sync] written 22762 rows (page 25)
[source:sync] written 22862 rows (page 25)
[source:sync] written 22962 rows (page 25)
[source:sync] written 23062 rows (page 25)
[source:sync] written 23162 rows (page 25)
[source:sync] written 23262 rows (page 25)
[source:sync] written 23362 rows (page 25)
[source:sync] written 23462 rows (page 25)
[source:sync] written 23562 rows (page 25)
[source:sync] written 23643 rows (page 25)
[source:sync] fetching Mongo page 26…
[source:sync] page 26: got 974 rows in 18761ms
[source:sync] written 23743 rows (page 26)
[source:sync] written 23843 rows (page 26)
[source:sync] written 23943 rows (page 26)
[source:sync] written 24043 rows (page 26)
[source:sync] written 24143 rows (page 26)
[source:sync] written 24243 rows (page 26)
[source:sync] written 24343 rows (page 26)
[source:sync] written 24443 rows (page 26)
[source:sync] written 24543 rows (page 26)
[source:sync] written 24617 rows (page 26)
[source:sync] fetching Mongo page 27…
[source:sync] page 27: got 968 rows in 28211ms
[source:sync] written 24717 rows (page 27)
[source:sync] written 24817 rows (page 27)
[source:sync] written 24917 rows (page 27)
[source:sync] written 25017 rows (page 27)
[source:sync] written 25117 rows (page 27)
[source:sync] written 25217 rows (page 27)
[source:sync] written 25317 rows (page 27)
[source:sync] written 25417 rows (page 27)
[source:sync] written 25517 rows (page 27)
[source:sync] written 25585 rows (page 27)
[source:sync] fetching Mongo page 28…
[source:sync] page 28: got 975 rows in 17742ms
[source:sync] written 25685 rows (page 28)
[source:sync] written 25785 rows (page 28)
[source:sync] written 25885 rows (page 28)
[source:sync] written 25985 rows (page 28)
[source:sync] written 26085 rows (page 28)
[source:sync] written 26185 rows (page 28)
[source:sync] written 26285 rows (page 28)
[source:sync] written 26385 rows (page 28)
[source:sync] written 26485 rows (page 28)
[source:sync] written 26560 rows (page 28)
[source:sync] fetching Mongo page 29…
[source:sync] page 29: got 979 rows in 17928ms
[source:sync] written 26654 rows (page 29)
[source:sync] written 26754 rows (page 29)
[source:sync] written 26854 rows (page 29)
[source:sync] written 26954 rows (page 29)
[source:sync] written 27054 rows (page 29)
[source:sync] written 27154 rows (page 29)
[source:sync] written 27254 rows (page 29)
[source:sync] written 27354 rows (page 29)
[source:sync] written 27454 rows (page 29)
[source:sync] written 27533 rows (page 29)
[source:sync] fetching Mongo page 30…
[source:sync] page 30: got 972 rows in 18234ms
[source:sync] written 27627 rows (page 30)
[source:sync] written 27727 rows (page 30)
[source:sync] written 27827 rows (page 30)
[source:sync] written 27927 rows (page 30)
[source:sync] written 28027 rows (page 30)
[source:sync] written 28127 rows (page 30)
[source:sync] written 28227 rows (page 30)
[source:sync] written 28327 rows (page 30)
prisma:error 
Invalid `tx.telemetry.create()` invocation in
E:\project\anti_reverse_device_monitor_delivery_v1\src\repositories\telemetry-repository.ts:125:32

  122   continue
  123 } else {
  124   try {
→ 125     await tx.telemetry.create(
Unique constraint failed on the fields: (`deviceId`,`inverterId`,`metricKey`,`reportedAt`)
[source:sync] written 28399 rows (page 30)
[source:sync] fetching Mongo page 31…
[source:sync] page 31: got 972 rows in 17768ms
[source:sync] written 28491 rows (page 31)
[source:sync] written 28591 rows (page 31)
[source:sync] written 28691 rows (page 31)
[source:sync] written 28791 rows (page 31)
[source:sync] written 28891 rows (page 31)
[source:sync] written 28991 rows (page 31)
[source:sync] written 29091 rows (page 31)
[source:sync] written 29191 rows (page 31)
[source:sync] written 29291 rows (page 31)
[source:sync] written 29363 rows (page 31)
[source:sync] fetching Mongo page 32…
[source:sync] page 32: got 980 rows in 19348ms
[source:sync] written 29460 rows (page 32)
[source:sync] written 29560 rows (page 32)
[source:sync] written 29660 rows (page 32)
[source:sync] written 29760 rows (page 32)
[source:sync] written 29860 rows (page 32)
[source:sync] written 29960 rows (page 32)
prisma:error 
Invalid `tx.telemetry.create()` invocation in
E:\project\anti_reverse_device_monitor_delivery_v1\src\repositories\telemetry-repository.ts:125:32

  122   continue
  123 } else {
  124   try {
→ 125     await tx.telemetry.create(
Unique constraint failed on the fields: (`deviceId`,`inverterId`,`metricKey`,`reportedAt`)
[source:sync] written 30060 rows (page 32)
[source:sync] written 30160 rows (page 32)
[source:sync] written 30240 rows (page 32)
[source:sync] fetching Mongo page 33…
[source:sync] page 33: got 969 rows in 18689ms
[source:sync] written 30339 rows (page 33)
[source:sync] written 30439 rows (page 33)
[source:sync] written 30539 rows (page 33)
[source:sync] written 30639 rows (page 33)
[source:sync] written 30739 rows (page 33)
[source:sync] written 30839 rows (page 33)
[source:sync] written 30939 rows (page 33)
[source:sync] written 31039 rows (page 33)
[source:sync] written 31139 rows (page 33)
[source:sync] written 31208 rows (page 33)
[source:sync] fetching Mongo page 34…
[source:sync] page 34: got 972 rows in 17843ms
[source:sync] written 31308 rows (page 34)
[source:sync] written 31408 rows (page 34)
[source:sync] written 31508 rows (page 34)
[source:sync] written 31608 rows (page 34)
[source:sync] written 31708 rows (page 34)
[source:sync] written 31808 rows (page 34)
[source:sync] written 31908 rows (page 34)
[source:sync] written 32008 rows (page 34)
[source:sync] written 32108 rows (page 34)
[source:sync] written 32180 rows (page 34)
[source:sync] fetching Mongo page 35…
[source:sync] page 35: got 978 rows in 17825ms
[source:sync] written 32274 rows (page 35)
[source:sync] written 32374 rows (page 35)
[source:sync] written 32474 rows (page 35)
[source:sync] written 32574 rows (page 35)
[source:sync] written 32674 rows (page 35)
[source:sync] written 32774 rows (page 35)
[source:sync] written 32874 rows (page 35)
[source:sync] written 32974 rows (page 35)
[source:sync] written 33074 rows (page 35)
[source:sync] written 33152 rows (page 35)
[source:sync] fetching Mongo page 36…
[source:sync] page 36: got 975 rows in 18133ms
[source:sync] written 33252 rows (page 36)
[source:sync] written 33352 rows (page 36)
[source:sync] written 33452 rows (page 36)
[source:sync] written 33552 rows (page 36)
[source:sync] written 33652 rows (page 36)
[source:sync] written 33752 rows (page 36)
[source:sync] written 33852 rows (page 36)
[source:sync] written 33952 rows (page 36)
[source:sync] written 34052 rows (page 36)
[source:sync] written 34127 rows (page 36)
[source:sync] fetching Mongo page 37…
[source:sync] page 37: got 968 rows in 17999ms
[source:sync] written 34223 rows (page 37)
[source:sync] written 34323 rows (page 37)
[source:sync] written 34423 rows (page 37)
[source:sync] written 34523 rows (page 37)
[source:sync] written 34623 rows (page 37)
[source:sync] written 34723 rows (page 37)
[source:sync] written 34823 rows (page 37)
[source:sync] written 34923 rows (page 37)
[source:sync] written 35023 rows (page 37)
[source:sync] written 35091 rows (page 37)
[source:sync] fetching Mongo page 38…
[source:sync] page 38: got 971 rows in 19055ms
[source:sync] written 35177 rows (page 38)
[source:sync] written 35277 rows (page 38)
[source:sync] written 35377 rows (page 38)
[source:sync] written 35477 rows (page 38)
[source:sync] written 35577 rows (page 38)
[source:sync] written 35677 rows (page 38)
[source:sync] written 35777 rows (page 38)
[source:sync] written 35877 rows (page 38)
[source:sync] written 35977 rows (page 38)
[source:sync] written 36048 rows (page 38)
[source:sync] fetching Mongo page 39…
